{
  "id": "<object_id>",
  "account_id": "<object_id>",
  "account_status": 1,
  "age": "<duration>",
  "created_time": "<time>",
  "currency": "USD",
  "name": "iOS"
}
