{
  "data": {
    "users": 7800000,
    "bid_estimations": [
      {
        "unsupported": false,
        "location": 3,
        "reach_min": 0,
        "reach_max": 0,
        "cpm_curve_data": "",
        "cpc_curve_data": "",
        "cpa_curve_data": "",
        "dedup_winning_rate": 0,
        "dedup_status": 0,
        "pacing_status": 0,
        "account_budget": 150000,
        "estimate_DAU": 0,
        "curve": [
          {
            "bid": 0,
            "spend": 0,
            "reach": 0,
            "impressions": 0,
            "actions": 0
          },
          {
            "bid": 1,
            "spend": 274,
            "reach": 665.35523611293,
            "impressions": 827.9031969689,
            "actions": 1.844446952004
          },
          {
            "bid": 2,
            "spend": 526,
            "reach": 1163.1983230804,
            "impressions": 1498.1938839748,
            "actions": 3.3097915123364
          },
          {
            "bid": 2,
            "spend": 663,
            "reach": 1449.9428012725,
            "impressions": 1965.3471118416,
            "actions": 3.8865028313425
          },
          {
            "bid": 4,
            "spend": 812,
            "reach": 1723.4117950617,
            "impressions": 2473.5614735407,
            "actions": 4.4628495280986
          },
          {
            "bid": 5,
            "spend": 936,
            "reach": 1900.1942347956,
            "impressions": 2851.3396208895,
            "actions": 4.8916792752631
          },
          {
            "bid": 8,
            "spend": 1125,
            "reach": 2112.2675174642,
            "impressions": 3141.0211175368,
            "actions": 5.4835039900258
          },
          {
            "bid": 10,
            "spend": 1298,
            "reach": 2305.049580969,
            "impressions": 3367.1317720084,
            "actions": 5.730963529418
          },
          {
            "bid": 15,
            "spend": 1934,
            "reach": 3230.5069725617,
            "impressions": 4310.4008024568,
            "actions": 6.4202204250965
          },
          {
            "bid": 22,
            "spend": 3238,
            "reach": 4999.4757279719,
            "impressions": 6152.5432742153,
            "actions": 7.1834806443477
          },
          {
            "bid": 27,
            "spend": 4299,
            "reach": 6533.721313125,
            "impressions": 7699.448129965,
            "actions": 8.6054391349527
          },
          {
            "bid": 40,
            "spend": 7899,
            "reach": 11871.078977638,
            "impressions": 13548.856717159,
            "actions": 11.27562137411
          },
          {
            "bid": 47,
            "spend": 9490,
            "reach": 14582.158446565,
            "impressions": 16569.386121142,
            "actions": 13.314717583351
          },
          {
            "bid": 57,
            "spend": 11723,
            "reach": 17587.530425269,
            "impressions": 21303.883577031,
            "actions": 15.766131666688
          },
          {
            "bid": 84,
            "spend": 14431,
            "reach": 21432.209480504,
            "impressions": 26061.214471774,
            "actions": 19.406462787096
          },
          {
            "bid": 101,
            "spend": 16022,
            "reach": 24525.142003591,
            "impressions": 29660.727503464,
            "actions": 21.54425609427
          },
          {
            "bid": 122,
            "spend": 17700,
            "reach": 26828.58937358,
            "impressions": 31967.399503751,
            "actions": 23.799962200198
          },
          {
            "bid": 147,
            "spend": 19628,
            "reach": 30175.23244102,
            "impressions": 35314.042571191,
            "actions": 26.392152620471
          },
          {
            "bid": 177,
            "spend": 21694,
            "reach": 32092.16258664,
            "impressions": 37230.972716811,
            "actions": 29.168515834035
          },
          {
            "bid": 213,
            "spend": 23596,
            "reach": 34888.910126101,
            "impressions": 40027.720256271,
            "actions": 31.725230576813
          },
          {
            "bid": 256,
            "spend": 24939,
            "reach": 36131.724236534,
            "impressions": 41270.534366704,
            "actions": 33.531023721496
          },
          {
            "bid": 308,
            "spend": 26186,
            "reach": 37283.80781754,
            "impressions": 42422.61794771,
            "actions": 35.205910114206
          },
          {
            "bid": 370,
            "spend": 27383,
            "reach": 37905.607606266,
            "impressions": 43044.417736436,
            "actions": 36.814312335639
          },
          {
            "bid": 444,
            "spend": 28499,
            "reach": 38405.557187601,
            "impressions": 43544.367317772,
            "actions": 38.313739084408
          },
          {
            "bid": 533,
            "spend": 29698,
            "reach": 39546.688281769,
            "impressions": 44685.49841194,
            "actions": 39.656810833811
          },
          {
            "bid": 640,
            "spend": 31184,
            "reach": 41472.249614977,
            "impressions": 46611.059745148,
            "actions": 41.373272371441
          },
          {
            "bid": 922,
            "spend": 35827,
            "reach": 48391.963932271,
            "impressions": 53530.774062441,
            "actions": 45.075853954274
          },
          {
            "bid": 1107,
            "spend": 39709,
            "reach": 53747.037689427,
            "impressions": 58885.847819598,
            "actions": 49.489685866067
          },
          {
            "bid": 1329,
            "spend": 45179,
            "reach": 60060.430481269,
            "impressions": 65753.059986957,
            "actions": 54.267655742793
          },
          {
            "bid": 1595,
            "spend": 53180,
            "reach": 69786.743584613,
            "impressions": 77317.033425851,
            "actions": 62.359947825847
          },
          {
            "bid": 1913,
            "spend": 65276,
            "reach": 84784.720400015,
            "impressions": 95873.895875409,
            "actions": 66.960827621477
          },
          {
            "bid": 2297,
            "spend": 81863,
            "reach": 103041.98891234,
            "impressions": 120697.15260441,
            "actions": 77.269757936654
          },
          {
            "bid": 3309,
            "spend": 136501,
            "reach": 167574.26626847,
            "impressions": 189994.57016726,
            "actions": 90.860754621151
          },
          {
            "bid": 3971,
            "spend": 182286,
            "reach": 222048.88406388,
            "impressions": 254973.91945963,
            "actions": 109.32189156425
          },
          {
            "bid": 4766,
            "spend": 246337,
            "reach": 299776.66361403,
            "impressions": 342712.47277228,
            "actions": 138.64450516775
          },
          {
            "bid": 5719,
            "spend": 341398,
            "reach": 386588.9015888,
            "impressions": 461779.5253937,
            "actions": 181.37754407679
          },
          {
            "bid": 6864,
            "spend": 478510,
            "reach": 496931.95796472,
            "impressions": 607707.7247427,
            "actions": 231.49943408876
          },
          {
            "bid": 8237,
            "spend": 676355,
            "reach": 619538.42237559,
            "impressions": 751645.34682434,
            "actions": 274.9990270277
          },
          {
            "bid": 9885,
            "spend": 960405,
            "reach": 748467.48474108,
            "impressions": 928066.97109742,
            "actions": 325.35941461337
          },
          {
            "bid": 11862,
            "spend": 1369167,
            "reach": 928642.86327858,
            "impressions": 1170092.1075589,
            "actions": 360.04107458364
          },
          {
            "bid": 14235,
            "spend": 1957798,
            "reach": 1178959.5945031,
            "impressions": 1516323.3647044,
            "actions": 409.85606432875
          },
          {
            "bid": 17082,
            "spend": 2806068,
            "reach": 1371791.0770766,
            "impressions": 1935441.7757471,
            "actions": 485.28413349418
          },
          {
            "bid": 20499,
            "spend": 4028534,
            "reach": 1496482.3840336,
            "impressions": 2129988.0253193,
            "actions": 514.5642743302
          },
          {
            "bid": 24599,
            "spend": 5790336,
            "reach": 1539483.8268748,
            "impressions": 2236800.8704945,
            "actions": 538.37829905621
          },
          {
            "bid": 29519,
            "spend": 8273482,
            "reach": 1551605.2113853,
            "impressions": 2248922.2550049,
            "actions": 554.45306018194
          },
          {
            "bid": 35423,
            "spend": 11576398,
            "reach": 1551605.2113853,
            "impressions": 2248922.2550049,
            "actions": 562.93342303933
          },
          {
            "bid": 40000,
            "spend": 14647415,
            "reach": 1551605.2113853,
            "impressions": 2248922.2550049,
            "actions": 562.93342303933
          }
        ],
        "trace_id": "3bb7e83531ec9904bbb97953c7ab58b6",
        "is_curve_eligible": false,
        "bid_amount_min": 1172,
        "bid_amount_median": 1495,
        "bid_amount_max": 2014
      }
    ],
    "estimate_ready": true
  }
}
