[
  {
    "id": "<object_id>",
    "hash": "d8fc613662fb5ef6cf5fb9d1fe779315",
    "account_id": "<object_id>",
    "name": "13006112.jpg",
    "permalink_url": "https://www.facebook.com/ads/image/?d=AQLSiUGsZ84fclezlh6EppSetpCqajyC5977Xg-Ez51AOlAJw17zgcoauXutWgj8v4Ggg9BHXtKSQs351gRUmSfOxfGutEPX2c9fASaamvnfsK-3DENLiahsMn7Ck4sdzL5ah92Rsx25nZJO81Vp9SEy",
    "original_width": 570,
    "original_height": 707
  }
]
