[
  {
    "id": "<object_id>",
    "hash": "d8fc613662fb5ef6cf5fb9d1fe779315",
    "account_id": "<object_id>",
    "name": "13006112.jpg",
    "permalink_url": "https://www.facebook.com/ads/image/?d=AQLp8EY4ZBMuyA2IRu5KoMMGwOwspA0KGY9SK9uTTnraQslGCrCuNBdqGZeyJCuonk6EdxwMdMunNLPPo--FC8MNqYS0wuSON5orNs7iSiai_FE2jCWIN6GjXn2PEWCCmZ5tdn6Z7JYhUoLq1PAN7fUg",
    "original_width": 570,
    "original_height": 707
  }
]
