[
  {
    "id": "<object_id>",
    "name": "Ad from a Page post #6,047,307,246,042",
    "object_story_spec": {
      "page_id": "300664329976860",
      "instagram_actor_id": "1225641534119785",
      "link_data": {
        "link": "http://play.google.com/store/apps/details?id=com.tophatter",
        "message": "Tophatter hosts the world's most exciting and entertaining live auctions feature",
        "call_to_action": {
          "type": "INSTALL_MOBILE_APP",
          "value": {
            "application": "295802707128640",
            "link": "http://play.google.com/store/apps/details?id=com.tophatter",
            "link_title": "Tophatter"
          }
        },
        "child_attachments": [
          {
            "link": "http://play.google.com/store/apps/details?id=com.tophatter",
            "name": "Tophatter",
            "call_to_action": {
              "type": "INSTALL_MOBILE_APP",
              "value": {
                "application": "295802707128640",
                "link": "http://play.google.com/store/apps/details?id=com.tophatter",
                "link_title": "Tophatter"
              }
            }
          },
          {
            "link": "http://play.google.com/store/apps/details?id=com.tophatter",
            "call_to_action": {
              "type": "INSTALL_MOBILE_APP",
              "value": {
                "application": "295802707128640",
                "link": "http://play.google.com/store/apps/details?id=com.tophatter"
              }
            }
          },
          {
            "link": "http://play.google.com/store/apps/details?id=com.tophatter",
            "call_to_action": {
              "type": "INSTALL_MOBILE_APP",
              "value": {
                "application": "295802707128640",
                "link": "http://play.google.com/store/apps/details?id=com.tophatter"
              }
            }
          }
        ],
        "multi_share_end_card": true,
        "multi_share_optimized": true
      }
    },
    "object_type": "INVALID",
    "thumbnail_url": "https://external.xx.fbcdn.net/safe_image.php?d=AQBUpgXveulYjAj7&w=64&h=64&url=https%3A%2F%2Fscontent.xx.fbcdn.net%2Fv%2Ft1.0-9%2F13645144_1096106237099328_9186797913597492566_n.png%3Foh%3Dda1ed4a885401f0e7477cdab5ac334f9%26oe%3D59796C5C&cfs=1&_nc_hash=AQBLX4jev8NGecY5",
    "run_status": "ACTIVE"
  },
  {
    "id": "<object_id>",
    "name": "Ad from a Page post #6,047,307,243,042",
    "object_story_spec": {
      "page_id": "300664329976860",
      "link_data": {
        "link": "http://play.google.com/store/apps/details?id=com.tophatter",
        "message": "Tophatter hosts the world's most exciting and entertaining live auctions feature",
        "call_to_action": {
          "type": "INSTALL_MOBILE_APP",
          "value": {
            "application": "295802707128640",
            "link": "http://play.google.com/store/apps/details?id=com.tophatter",
            "link_title": "Tophatter"
          }
        },
        "child_attachments": [
          {
            "link": "http://play.google.com/store/apps/details?id=com.tophatter",
            "name": "Tophatter",
            "call_to_action": {
              "type": "INSTALL_MOBILE_APP",
              "value": {
                "application": "295802707128640",
                "link": "http://play.google.com/store/apps/details?id=com.tophatter",
                "link_title": "Tophatter"
              }
            }
          },
          {
            "link": "http://play.google.com/store/apps/details?id=com.tophatter",
            "call_to_action": {
              "type": "INSTALL_MOBILE_APP",
              "value": {
                "application": "295802707128640",
                "link": "http://play.google.com/store/apps/details?id=com.tophatter"
              }
            }
          },
          {
            "link": "http://play.google.com/store/apps/details?id=com.tophatter",
            "call_to_action": {
              "type": "INSTALL_MOBILE_APP",
              "value": {
                "application": "295802707128640",
                "link": "http://play.google.com/store/apps/details?id=com.tophatter"
              }
            }
          }
        ],
        "multi_share_end_card": true,
        "multi_share_optimized": true
      }
    },
    "object_type": "INVALID",
    "thumbnail_url": "https://external.xx.fbcdn.net/safe_image.php?w=64&h=64&url=https%3A%2F%2Fscontent.xx.fbcdn.net%2Fv%2Ft1.0-9%2F13645144_1096106237099328_9186797913597492566_n.png%3Foh%3Dda1ed4a885401f0e7477cdab5ac334f9%26oe%3D59796C5C&cfs=1&_nc_hash=AQCIPomShqFYoi4N",
    "run_status": "ACTIVE"
  },
  {
    "id": "<object_id>",
    "name": "Ad from a Page post #6,037,591,532,042",
    "object_story_spec": {
      "page_id": "300664329976860",
      "link_data": {
        "link": "https://itunes.apple.com/app/id619460348",
        "message": "Foo bar baz.",
        "call_to_action": {
          "type": "INSTALL_MOBILE_APP",
          "value": {
            "application": "295802707128640",
            "link": "https://itunes.apple.com/app/id619460348",
            "link_title": "Tophatter"
          }
        },
        "child_attachments": [
          {
            "link": "https://itunes.apple.com/app/id619460348",
            "name": "Tophatter",
            "call_to_action": {
              "type": "INSTALL_MOBILE_APP",
              "value": {
                "application": "295802707128640",
                "link": "https://itunes.apple.com/app/id619460348",
                "link_title": "Tophatter"
              }
            }
          },
          {
            "link": "https://itunes.apple.com/app/id619460348",
            "call_to_action": {
              "type": "INSTALL_MOBILE_APP",
              "value": {
                "application": "295802707128640",
                "link": "https://itunes.apple.com/app/id619460348"
              }
            }
          },
          {
            "link": "https://itunes.apple.com/app/id619460348",
            "call_to_action": {
              "type": "INSTALL_MOBILE_APP",
              "value": {
                "application": "295802707128640",
                "link": "https://itunes.apple.com/app/id619460348"
              }
            }
          }
        ],
        "multi_share_end_card": true,
        "multi_share_optimized": true
      }
    },
    "object_type": "INVALID",
    "thumbnail_url": "https://external.xx.fbcdn.net/safe_image.php?d=AQBUpgXveulYjAj7&w=64&h=64&url=https%3A%2F%2Fscontent.xx.fbcdn.net%2Fv%2Ft1.0-9%2F13645144_1096106237099328_9186797913597492566_n.png%3Foh%3Dda1ed4a885401f0e7477cdab5ac334f9%26oe%3D59796C5C&cfs=1&_nc_hash=AQBLX4jev8NGecY5",
    "run_status": "ACTIVE"
  },
  {
    "id": "<object_id>",
    "name": "Ad from a Page post #6,037,591,520,042",
    "object_story_spec": {
      "page_id": "300664329976860",
      "link_data": {
        "link": "https://itunes.apple.com/app/id619460348",
        "message": "Foo bar baz.",
        "call_to_action": {
          "type": "INSTALL_MOBILE_APP",
          "value": {
            "application": "295802707128640",
            "link": "https://itunes.apple.com/app/id619460348",
            "link_title": "Tophatter"
          }
        },
        "child_attachments": [
          {
            "link": "https://itunes.apple.com/app/id619460348",
            "name": "Tophatter",
            "call_to_action": {
              "type": "INSTALL_MOBILE_APP",
              "value": {
                "application": "295802707128640",
                "link": "https://itunes.apple.com/app/id619460348",
                "link_title": "Tophatter"
              }
            }
          },
          {
            "link": "https://itunes.apple.com/app/id619460348",
            "call_to_action": {
              "type": "INSTALL_MOBILE_APP",
              "value": {
                "application": "295802707128640",
                "link": "https://itunes.apple.com/app/id619460348"
              }
            }
          },
          {
            "link": "https://itunes.apple.com/app/id619460348",
            "call_to_action": {
              "type": "INSTALL_MOBILE_APP",
              "value": {
                "application": "295802707128640",
                "link": "https://itunes.apple.com/app/id619460348"
              }
            }
          }
        ],
        "multi_share_end_card": true,
        "multi_share_optimized": true
      }
    },
    "object_type": "SHARE",
    "thumbnail_url": "https://external.xx.fbcdn.net/safe_image.php?d=AQAn_wfmDXSKOWgL&w=64&h=64&url=http%3A%2F%2Fis2.mzstatic.com%2Fimage%2Fthumb%2FPurple7%2Fv4%2Fb2%2F37%2Fae%2Fb237ae8d-2b39-df92-b853-a7d55fb91200%2Fsource%2F1200x630bf.jpg&cfs=1&_nc_hash=AQCY1tBOdqunbEAD",
    "run_status": "ACTIVE"
  },
  {
    "id": "<object_id>",
    "name": "Ad from a Page post #6,037,591,496,242",
    "object_story_spec": {
      "page_id": "300664329976860",
      "link_data": {
        "link": "https://itunes.apple.com/app/id619460348",
        "message": "Foo bar baz.",
        "call_to_action": {
          "type": "INSTALL_MOBILE_APP",
          "value": {
            "application": "295802707128640",
            "link": "https://itunes.apple.com/app/id619460348",
            "link_title": "Tophatter"
          }
        },
        "child_attachments": [
          {
            "link": "https://itunes.apple.com/app/id619460348",
            "name": "Tophatter",
            "call_to_action": {
              "type": "INSTALL_MOBILE_APP",
              "value": {
                "application": "295802707128640",
                "link": "https://itunes.apple.com/app/id619460348",
                "link_title": "Tophatter"
              }
            }
          },
          {
            "link": "https://itunes.apple.com/app/id619460348",
            "call_to_action": {
              "type": "INSTALL_MOBILE_APP",
              "value": {
                "application": "295802707128640",
                "link": "https://itunes.apple.com/app/id619460348"
              }
            }
          },
          {
            "link": "https://itunes.apple.com/app/id619460348",
            "call_to_action": {
              "type": "INSTALL_MOBILE_APP",
              "value": {
                "application": "295802707128640",
                "link": "https://itunes.apple.com/app/id619460348"
              }
            }
          }
        ],
        "multi_share_end_card": true,
        "multi_share_optimized": true
      }
    },
    "object_type": "INVALID",
    "thumbnail_url": "https://external.xx.fbcdn.net/safe_image.php?w=64&h=64&url=https%3A%2F%2Fscontent.xx.fbcdn.net%2Fv%2Ft1.0-9%2F13645144_1096106237099328_9186797913597492566_n.png%3Foh%3Dda1ed4a885401f0e7477cdab5ac334f9%26oe%3D59796C5C&cfs=1&_nc_hash=AQCIPomShqFYoi4N",
    "run_status": "ACTIVE"
  },
  {
    "id": "<object_id>",
    "name": "Ad from a Page post #6,037,591,490,242",
    "object_story_spec": {
      "page_id": "300664329976860",
      "link_data": {
        "link": "https://itunes.apple.com/app/id619460348",
        "message": "Foo bar baz.",
        "call_to_action": {
          "type": "INSTALL_MOBILE_APP",
          "value": {
            "application": "295802707128640",
            "link": "https://itunes.apple.com/app/id619460348",
            "link_title": "Tophatter"
          }
        },
        "child_attachments": [
          {
            "link": "https://itunes.apple.com/app/id619460348",
            "name": "Tophatter",
            "call_to_action": {
              "type": "INSTALL_MOBILE_APP",
              "value": {
                "application": "295802707128640",
                "link": "https://itunes.apple.com/app/id619460348",
                "link_title": "Tophatter"
              }
            }
          },
          {
            "link": "https://itunes.apple.com/app/id619460348",
            "call_to_action": {
              "type": "INSTALL_MOBILE_APP",
              "value": {
                "application": "295802707128640",
                "link": "https://itunes.apple.com/app/id619460348"
              }
            }
          },
          {
            "link": "https://itunes.apple.com/app/id619460348",
            "call_to_action": {
              "type": "INSTALL_MOBILE_APP",
              "value": {
                "application": "295802707128640",
                "link": "https://itunes.apple.com/app/id619460348"
              }
            }
          }
        ],
        "multi_share_end_card": true,
        "multi_share_optimized": true
      }
    },
    "object_type": "INVALID",
    "thumbnail_url": "https://external.xx.fbcdn.net/safe_image.php?d=AQBUpgXveulYjAj7&w=64&h=64&url=https%3A%2F%2Fscontent.xx.fbcdn.net%2Fv%2Ft1.0-9%2F13645144_1096106237099328_9186797913597492566_n.png%3Foh%3Dda1ed4a885401f0e7477cdab5ac334f9%26oe%3D59796C5C&cfs=1&_nc_hash=AQBLX4jev8NGecY5",
    "run_status": "ACTIVE"
  },
  {
    "id": "<object_id>",
    "name": "Ad from a Page post #6,037,591,488,442",
    "object_story_spec": {
      "page_id": "300664329976860",
      "link_data": {
        "link": "https://itunes.apple.com/app/id619460348",
        "message": "Test test test.",
        "call_to_action": {
          "type": "INSTALL_MOBILE_APP",
          "value": {
            "application": "295802707128640",
            "link": "https://itunes.apple.com/app/id619460348",
            "link_title": "Tophatter"
          }
        },
        "child_attachments": [
          {
            "link": "https://itunes.apple.com/app/id619460348",
            "name": "Tophatter",
            "call_to_action": {
              "type": "INSTALL_MOBILE_APP",
              "value": {
                "application": "295802707128640",
                "link": "https://itunes.apple.com/app/id619460348",
                "link_title": "Tophatter"
              }
            }
          },
          {
            "link": "https://itunes.apple.com/app/id619460348",
            "call_to_action": {
              "type": "INSTALL_MOBILE_APP",
              "value": {
                "application": "295802707128640",
                "link": "https://itunes.apple.com/app/id619460348"
              }
            }
          },
          {
            "link": "https://itunes.apple.com/app/id619460348",
            "call_to_action": {
              "type": "INSTALL_MOBILE_APP",
              "value": {
                "application": "295802707128640",
                "link": "https://itunes.apple.com/app/id619460348"
              }
            }
          }
        ],
        "multi_share_end_card": true,
        "multi_share_optimized": true
      }
    },
    "object_type": "INVALID",
    "thumbnail_url": "https://external.xx.fbcdn.net/safe_image.php?d=AQBUpgXveulYjAj7&w=64&h=64&url=https%3A%2F%2Fscontent.xx.fbcdn.net%2Fv%2Ft1.0-9%2F13645144_1096106237099328_9186797913597492566_n.png%3Foh%3Dda1ed4a885401f0e7477cdab5ac334f9%26oe%3D59796C5C&cfs=1&_nc_hash=AQBLX4jev8NGecY5",
    "run_status": "ACTIVE"
  },
  {
    "id": "<object_id>",
    "name": "Ad from a Page post #6,037,591,381,642",
    "object_story_spec": {
      "page_id": "300664329976860",
      "link_data": {
        "link": "https://itunes.apple.com/app/id619460348",
        "message": "Tophatter hosts the world's most exciting and entertaining live auctions feature",
        "call_to_action": {
          "type": "INSTALL_MOBILE_APP",
          "value": {
            "application": "295802707128640",
            "link": "https://itunes.apple.com/app/id619460348",
            "link_title": "Tophatter"
          }
        },
        "child_attachments": [
          {
            "link": "https://itunes.apple.com/app/id619460348",
            "name": "Tophatter",
            "call_to_action": {
              "type": "INSTALL_MOBILE_APP",
              "value": {
                "application": "295802707128640",
                "link": "https://itunes.apple.com/app/id619460348",
                "link_title": "Tophatter"
              }
            }
          },
          {
            "link": "https://itunes.apple.com/app/id619460348",
            "call_to_action": {
              "type": "INSTALL_MOBILE_APP",
              "value": {
                "application": "295802707128640",
                "link": "https://itunes.apple.com/app/id619460348"
              }
            }
          },
          {
            "link": "https://itunes.apple.com/app/id619460348",
            "call_to_action": {
              "type": "INSTALL_MOBILE_APP",
              "value": {
                "application": "295802707128640",
                "link": "https://itunes.apple.com/app/id619460348"
              }
            }
          }
        ],
        "multi_share_end_card": true,
        "multi_share_optimized": true
      }
    },
    "object_type": "INVALID",
    "thumbnail_url": "https://external.xx.fbcdn.net/safe_image.php?d=AQBUpgXveulYjAj7&w=64&h=64&url=https%3A%2F%2Fscontent.xx.fbcdn.net%2Fv%2Ft1.0-9%2F13645144_1096106237099328_9186797913597492566_n.png%3Foh%3Dda1ed4a885401f0e7477cdab5ac334f9%26oe%3D59796C5C&cfs=1&_nc_hash=AQBLX4jev8NGecY5",
    "run_status": "ACTIVE"
  },
  {
    "id": "<object_id>",
    "name": "Ad from a Page post #6,037,591,371,842",
    "object_story_spec": {
      "page_id": "300664329976860",
      "link_data": {
        "link": "https://itunes.apple.com/app/id619460348",
        "message": "Tophatter hosts the world's most exciting and entertaining live auctions feature",
        "call_to_action": {
          "type": "INSTALL_MOBILE_APP",
          "value": {
            "application": "295802707128640",
            "link": "https://itunes.apple.com/app/id619460348",
            "link_title": "Tophatter"
          }
        },
        "child_attachments": [
          {
            "link": "https://itunes.apple.com/app/id619460348",
            "name": "Tophatter",
            "call_to_action": {
              "type": "INSTALL_MOBILE_APP",
              "value": {
                "application": "295802707128640",
                "link": "https://itunes.apple.com/app/id619460348",
                "link_title": "Tophatter"
              }
            }
          },
          {
            "link": "https://itunes.apple.com/app/id619460348",
            "call_to_action": {
              "type": "INSTALL_MOBILE_APP",
              "value": {
                "application": "295802707128640",
                "link": "https://itunes.apple.com/app/id619460348"
              }
            }
          },
          {
            "link": "https://itunes.apple.com/app/id619460348",
            "call_to_action": {
              "type": "INSTALL_MOBILE_APP",
              "value": {
                "application": "295802707128640",
                "link": "https://itunes.apple.com/app/id619460348"
              }
            }
          }
        ],
        "multi_share_end_card": true,
        "multi_share_optimized": true
      }
    },
    "object_type": "INVALID",
    "thumbnail_url": "https://external.xx.fbcdn.net/safe_image.php?d=AQBUpgXveulYjAj7&w=64&h=64&url=https%3A%2F%2Fscontent.xx.fbcdn.net%2Fv%2Ft1.0-9%2F13645144_1096106237099328_9186797913597492566_n.png%3Foh%3Dda1ed4a885401f0e7477cdab5ac334f9%26oe%3D59796C5C&cfs=1&_nc_hash=AQBLX4jev8NGecY5",
    "run_status": "ACTIVE"
  },
  {
    "id": "<object_id>",
    "name": "Ad from a Page post #6,037,591,366,642",
    "object_story_spec": {
      "page_id": "300664329976860",
      "link_data": {
        "link": "https://itunes.apple.com/app/id619460348",
        "message": "Tophatter hosts the world's most exciting and entertaining live auctions feature",
        "call_to_action": {
          "type": "INSTALL_MOBILE_APP",
          "value": {
            "application": "295802707128640",
            "link": "https://itunes.apple.com/app/id619460348",
            "link_title": "Tophatter"
          }
        },
        "child_attachments": [
          {
            "link": "https://itunes.apple.com/app/id619460348",
            "name": "Tophatter",
            "call_to_action": {
              "type": "INSTALL_MOBILE_APP",
              "value": {
                "application": "295802707128640",
                "link": "https://itunes.apple.com/app/id619460348",
                "link_title": "Tophatter"
              }
            }
          },
          {
            "link": "https://itunes.apple.com/app/id619460348",
            "call_to_action": {
              "type": "INSTALL_MOBILE_APP",
              "value": {
                "application": "295802707128640",
                "link": "https://itunes.apple.com/app/id619460348"
              }
            }
          },
          {
            "link": "https://itunes.apple.com/app/id619460348",
            "call_to_action": {
              "type": "INSTALL_MOBILE_APP",
              "value": {
                "application": "295802707128640",
                "link": "https://itunes.apple.com/app/id619460348"
              }
            }
          }
        ],
        "multi_share_end_card": true,
        "multi_share_optimized": true
      }
    },
    "object_type": "INVALID",
    "thumbnail_url": "https://external.xx.fbcdn.net/safe_image.php?w=64&h=64&url=https%3A%2F%2Fscontent.xx.fbcdn.net%2Fv%2Ft1.0-9%2F13645144_1096106237099328_9186797913597492566_n.png%3Foh%3Dda1ed4a885401f0e7477cdab5ac334f9%26oe%3D59796C5C&cfs=1&_nc_hash=AQCIPomShqFYoi4N",
    "run_status": "ACTIVE"
  },
  {
    "id": "<object_id>",
    "name": "Ad from a Page post #6,037,591,365,642",
    "object_story_spec": {
      "page_id": "300664329976860",
      "link_data": {
        "link": "https://itunes.apple.com/app/id619460348",
        "message": "Tophatter hosts the world's most exciting and entertaining live auctions feature",
        "call_to_action": {
          "type": "INSTALL_MOBILE_APP",
          "value": {
            "application": "295802707128640",
            "link": "https://itunes.apple.com/app/id619460348",
            "link_title": "Tophatter"
          }
        },
        "child_attachments": [
          {
            "link": "https://itunes.apple.com/app/id619460348",
            "name": "Tophatter",
            "call_to_action": {
              "type": "INSTALL_MOBILE_APP",
              "value": {
                "application": "295802707128640",
                "link": "https://itunes.apple.com/app/id619460348",
                "link_title": "Tophatter"
              }
            }
          },
          {
            "link": "https://itunes.apple.com/app/id619460348",
            "call_to_action": {
              "type": "INSTALL_MOBILE_APP",
              "value": {
                "application": "295802707128640",
                "link": "https://itunes.apple.com/app/id619460348"
              }
            }
          },
          {
            "link": "https://itunes.apple.com/app/id619460348",
            "call_to_action": {
              "type": "INSTALL_MOBILE_APP",
              "value": {
                "application": "295802707128640",
                "link": "https://itunes.apple.com/app/id619460348"
              }
            }
          }
        ],
        "multi_share_end_card": true,
        "multi_share_optimized": true
      }
    },
    "object_type": "INVALID",
    "thumbnail_url": "https://external.xx.fbcdn.net/safe_image.php?d=AQBUpgXveulYjAj7&w=64&h=64&url=https%3A%2F%2Fscontent.xx.fbcdn.net%2Fv%2Ft1.0-9%2F13645144_1096106237099328_9186797913597492566_n.png%3Foh%3Dda1ed4a885401f0e7477cdab5ac334f9%26oe%3D59796C5C&cfs=1&_nc_hash=AQBLX4jev8NGecY5",
    "run_status": "ACTIVE"
  },
  {
    "id": "<object_id>",
    "name": "Ad from a Page post #6,037,591,364,242",
    "object_story_spec": {
      "page_id": "300664329976860",
      "link_data": {
        "link": "https://itunes.apple.com/app/id619460348",
        "message": "Tophatter hosts the world's most exciting and entertaining live auctions feature",
        "call_to_action": {
          "type": "INSTALL_MOBILE_APP",
          "value": {
            "application": "295802707128640",
            "link": "https://itunes.apple.com/app/id619460348",
            "link_title": "Tophatter"
          }
        },
        "child_attachments": [
          {
            "link": "https://itunes.apple.com/app/id619460348",
            "name": "Tophatter",
            "call_to_action": {
              "type": "INSTALL_MOBILE_APP",
              "value": {
                "application": "295802707128640",
                "link": "https://itunes.apple.com/app/id619460348",
                "link_title": "Tophatter"
              }
            }
          },
          {
            "link": "https://itunes.apple.com/app/id619460348",
            "call_to_action": {
              "type": "INSTALL_MOBILE_APP",
              "value": {
                "application": "295802707128640",
                "link": "https://itunes.apple.com/app/id619460348"
              }
            }
          },
          {
            "link": "https://itunes.apple.com/app/id619460348",
            "call_to_action": {
              "type": "INSTALL_MOBILE_APP",
              "value": {
                "application": "295802707128640",
                "link": "https://itunes.apple.com/app/id619460348"
              }
            }
          }
        ],
        "multi_share_end_card": true,
        "multi_share_optimized": true
      }
    },
    "object_type": "INVALID",
    "thumbnail_url": "https://external.xx.fbcdn.net/safe_image.php?d=AQBUpgXveulYjAj7&w=64&h=64&url=https%3A%2F%2Fscontent.xx.fbcdn.net%2Fv%2Ft1.0-9%2F13645144_1096106237099328_9186797913597492566_n.png%3Foh%3Dda1ed4a885401f0e7477cdab5ac334f9%26oe%3D59796C5C&cfs=1&_nc_hash=AQBLX4jev8NGecY5",
    "run_status": "ACTIVE"
  },
  {
    "id": "<object_id>",
    "name": "Ad from a Page post #6,037,591,361,442",
    "object_story_spec": {
      "page_id": "300664329976860",
      "link_data": {
        "link": "https://itunes.apple.com/app/id619460348",
        "message": "Tophatter hosts the world's most exciting and entertaining live auctions feature",
        "call_to_action": {
          "type": "INSTALL_MOBILE_APP",
          "value": {
            "application": "295802707128640",
            "link": "https://itunes.apple.com/app/id619460348",
            "link_title": "Tophatter"
          }
        },
        "child_attachments": [
          {
            "link": "https://itunes.apple.com/app/id619460348",
            "name": "Tophatter",
            "call_to_action": {
              "type": "INSTALL_MOBILE_APP",
              "value": {
                "application": "295802707128640",
                "link": "https://itunes.apple.com/app/id619460348",
                "link_title": "Tophatter"
              }
            }
          },
          {
            "link": "https://itunes.apple.com/app/id619460348",
            "call_to_action": {
              "type": "INSTALL_MOBILE_APP",
              "value": {
                "application": "295802707128640",
                "link": "https://itunes.apple.com/app/id619460348"
              }
            }
          },
          {
            "link": "https://itunes.apple.com/app/id619460348",
            "call_to_action": {
              "type": "INSTALL_MOBILE_APP",
              "value": {
                "application": "295802707128640",
                "link": "https://itunes.apple.com/app/id619460348"
              }
            }
          }
        ],
        "multi_share_end_card": true,
        "multi_share_optimized": true
      }
    },
    "object_type": "INVALID",
    "thumbnail_url": "https://external.xx.fbcdn.net/safe_image.php?d=AQBUpgXveulYjAj7&w=64&h=64&url=https%3A%2F%2Fscontent.xx.fbcdn.net%2Fv%2Ft1.0-9%2F13645144_1096106237099328_9186797913597492566_n.png%3Foh%3Dda1ed4a885401f0e7477cdab5ac334f9%26oe%3D59796C5C&cfs=1&_nc_hash=AQBLX4jev8NGecY5",
    "run_status": "ACTIVE"
  },
  {
    "id": "<object_id>",
    "name": "Ad from a Page post #6,037,591,360,642",
    "object_story_spec": {
      "page_id": "300664329976860",
      "link_data": {
        "link": "https://itunes.apple.com/app/id619460348",
        "message": "Tophatter hosts the world's most exciting and entertaining live auctions feature",
        "call_to_action": {
          "type": "INSTALL_MOBILE_APP",
          "value": {
            "application": "295802707128640",
            "link": "https://itunes.apple.com/app/id619460348",
            "link_title": "Tophatter"
          }
        },
        "child_attachments": [
          {
            "link": "https://itunes.apple.com/app/id619460348",
            "name": "Tophatter",
            "call_to_action": {
              "type": "INSTALL_MOBILE_APP",
              "value": {
                "application": "295802707128640",
                "link": "https://itunes.apple.com/app/id619460348",
                "link_title": "Tophatter"
              }
            }
          },
          {
            "link": "https://itunes.apple.com/app/id619460348",
            "call_to_action": {
              "type": "INSTALL_MOBILE_APP",
              "value": {
                "application": "295802707128640",
                "link": "https://itunes.apple.com/app/id619460348"
              }
            }
          },
          {
            "link": "https://itunes.apple.com/app/id619460348",
            "call_to_action": {
              "type": "INSTALL_MOBILE_APP",
              "value": {
                "application": "295802707128640",
                "link": "https://itunes.apple.com/app/id619460348"
              }
            }
          }
        ],
        "multi_share_end_card": true,
        "multi_share_optimized": true
      }
    },
    "object_type": "INVALID",
    "thumbnail_url": "https://external.xx.fbcdn.net/safe_image.php?d=AQBUpgXveulYjAj7&w=64&h=64&url=https%3A%2F%2Fscontent.xx.fbcdn.net%2Fv%2Ft1.0-9%2F13645144_1096106237099328_9186797913597492566_n.png%3Foh%3Dda1ed4a885401f0e7477cdab5ac334f9%26oe%3D59796C5C&cfs=1&_nc_hash=AQBLX4jev8NGecY5",
    "run_status": "ACTIVE"
  },
  {
    "id": "<object_id>",
    "name": "Ad from a Page post #6,037,591,360,442",
    "object_story_spec": {
      "page_id": "300664329976860",
      "link_data": {
        "link": "https://itunes.apple.com/app/id619460348",
        "message": "Tophatter hosts the world's most exciting and entertaining live auctions feature",
        "call_to_action": {
          "type": "INSTALL_MOBILE_APP",
          "value": {
            "application": "295802707128640",
            "link": "https://itunes.apple.com/app/id619460348",
            "link_title": "Tophatter"
          }
        },
        "child_attachments": [
          {
            "link": "https://itunes.apple.com/app/id619460348",
            "name": "Tophatter",
            "call_to_action": {
              "type": "INSTALL_MOBILE_APP",
              "value": {
                "application": "295802707128640",
                "link": "https://itunes.apple.com/app/id619460348",
                "link_title": "Tophatter"
              }
            }
          },
          {
            "link": "https://itunes.apple.com/app/id619460348",
            "call_to_action": {
              "type": "INSTALL_MOBILE_APP",
              "value": {
                "application": "295802707128640",
                "link": "https://itunes.apple.com/app/id619460348"
              }
            }
          },
          {
            "link": "https://itunes.apple.com/app/id619460348",
            "call_to_action": {
              "type": "INSTALL_MOBILE_APP",
              "value": {
                "application": "295802707128640",
                "link": "https://itunes.apple.com/app/id619460348"
              }
            }
          }
        ],
        "multi_share_end_card": true,
        "multi_share_optimized": true
      }
    },
    "object_type": "INVALID",
    "thumbnail_url": "https://external.xx.fbcdn.net/safe_image.php?d=AQBUpgXveulYjAj7&w=64&h=64&url=https%3A%2F%2Fscontent.xx.fbcdn.net%2Fv%2Ft1.0-9%2F13645144_1096106237099328_9186797913597492566_n.png%3Foh%3Dda1ed4a885401f0e7477cdab5ac334f9%26oe%3D59796C5C&cfs=1&_nc_hash=AQBLX4jev8NGecY5",
    "run_status": "ACTIVE"
  },
  {
    "id": "<object_id>",
    "name": "Ad from a Page post #6,037,591,347,442",
    "object_story_spec": {
      "page_id": "300664329976860",
      "link_data": {
        "link": "https://itunes.apple.com/app/id619460348",
        "message": "Tophatter hosts the world's most exciting and entertaining live auctions feature",
        "call_to_action": {
          "type": "INSTALL_MOBILE_APP",
          "value": {
            "application": "295802707128640",
            "link": "https://itunes.apple.com/app/id619460348",
            "link_title": "Tophatter"
          }
        },
        "child_attachments": [
          {
            "link": "https://itunes.apple.com/app/id619460348",
            "name": "Tophatter",
            "call_to_action": {
              "type": "INSTALL_MOBILE_APP",
              "value": {
                "application": "295802707128640",
                "link": "https://itunes.apple.com/app/id619460348",
                "link_title": "Tophatter"
              }
            }
          },
          {
            "link": "https://itunes.apple.com/app/id619460348",
            "call_to_action": {
              "type": "INSTALL_MOBILE_APP",
              "value": {
                "application": "295802707128640",
                "link": "https://itunes.apple.com/app/id619460348"
              }
            }
          },
          {
            "link": "https://itunes.apple.com/app/id619460348",
            "call_to_action": {
              "type": "INSTALL_MOBILE_APP",
              "value": {
                "application": "295802707128640",
                "link": "https://itunes.apple.com/app/id619460348"
              }
            }
          }
        ],
        "multi_share_end_card": true,
        "multi_share_optimized": true
      }
    },
    "object_type": "INVALID",
    "thumbnail_url": "https://external.xx.fbcdn.net/safe_image.php?d=AQBUpgXveulYjAj7&w=64&h=64&url=https%3A%2F%2Fscontent.xx.fbcdn.net%2Fv%2Ft1.0-9%2F13645144_1096106237099328_9186797913597492566_n.png%3Foh%3Dda1ed4a885401f0e7477cdab5ac334f9%26oe%3D59796C5C&cfs=1&_nc_hash=AQBLX4jev8NGecY5",
    "run_status": "ACTIVE"
  },
  {
    "id": "<object_id>",
    "name": "Ad from a Page post #6,037,591,151,042",
    "object_story_spec": {
      "page_id": "300664329976860",
      "link_data": {
        "link": "https://itunes.apple.com/app/id619460348",
        "message": "Tophatter hosts the world's most exciting and entertaining live auctions feature",
        "call_to_action": {
          "type": "INSTALL_MOBILE_APP",
          "value": {
            "application": "295802707128640",
            "link": "https://itunes.apple.com/app/id619460348",
            "link_title": "Tophatter"
          }
        },
        "child_attachments": [
          {
            "link": "https://itunes.apple.com/app/id619460348",
            "name": "Tophatter",
            "call_to_action": {
              "type": "INSTALL_MOBILE_APP",
              "value": {
                "application": "295802707128640",
                "link": "https://itunes.apple.com/app/id619460348",
                "link_title": "Tophatter"
              }
            }
          },
          {
            "link": "https://itunes.apple.com/app/id619460348",
            "call_to_action": {
              "type": "INSTALL_MOBILE_APP",
              "value": {
                "application": "295802707128640",
                "link": "https://itunes.apple.com/app/id619460348"
              }
            }
          },
          {
            "link": "https://itunes.apple.com/app/id619460348",
            "call_to_action": {
              "type": "INSTALL_MOBILE_APP",
              "value": {
                "application": "295802707128640",
                "link": "https://itunes.apple.com/app/id619460348"
              }
            }
          }
        ],
        "multi_share_end_card": true,
        "multi_share_optimized": true
      }
    },
    "object_type": "INVALID",
    "thumbnail_url": "https://external.xx.fbcdn.net/safe_image.php?d=AQBUpgXveulYjAj7&w=64&h=64&url=https%3A%2F%2Fscontent.xx.fbcdn.net%2Fv%2Ft1.0-9%2F13645144_1096106237099328_9186797913597492566_n.png%3Foh%3Dda1ed4a885401f0e7477cdab5ac334f9%26oe%3D59796C5C&cfs=1&_nc_hash=AQBLX4jev8NGecY5",
    "run_status": "ACTIVE"
  },
  {
    "id": "<object_id>",
    "name": "Ad from a Page post #6,037,591,146,242",
    "object_story_spec": {
      "page_id": "300664329976860",
      "link_data": {
        "link": "http://play.google.com/store/apps/details?id=com.tophatter",
        "message": "Tophatter hosts the world's most exciting and entertaining live auctions feature",
        "call_to_action": {
          "type": "INSTALL_MOBILE_APP",
          "value": {
            "application": "295802707128640",
            "link": "http://play.google.com/store/apps/details?id=com.tophatter",
            "link_title": "Tophatter"
          }
        },
        "child_attachments": [
          {
            "link": "http://play.google.com/store/apps/details?id=com.tophatter",
            "name": "Tophatter",
            "call_to_action": {
              "type": "INSTALL_MOBILE_APP",
              "value": {
                "application": "295802707128640",
                "link": "http://play.google.com/store/apps/details?id=com.tophatter",
                "link_title": "Tophatter"
              }
            }
          },
          {
            "link": "http://play.google.com/store/apps/details?id=com.tophatter",
            "call_to_action": {
              "type": "INSTALL_MOBILE_APP",
              "value": {
                "application": "295802707128640",
                "link": "http://play.google.com/store/apps/details?id=com.tophatter"
              }
            }
          },
          {
            "link": "http://play.google.com/store/apps/details?id=com.tophatter",
            "call_to_action": {
              "type": "INSTALL_MOBILE_APP",
              "value": {
                "application": "295802707128640",
                "link": "http://play.google.com/store/apps/details?id=com.tophatter"
              }
            }
          }
        ],
        "multi_share_end_card": true,
        "multi_share_optimized": true
      }
    },
    "object_type": "INVALID",
    "thumbnail_url": "https://external.xx.fbcdn.net/safe_image.php?d=AQBUpgXveulYjAj7&w=64&h=64&url=https%3A%2F%2Fscontent.xx.fbcdn.net%2Fv%2Ft1.0-9%2F13645144_1096106237099328_9186797913597492566_n.png%3Foh%3Dda1ed4a885401f0e7477cdab5ac334f9%26oe%3D59796C5C&cfs=1&_nc_hash=AQBLX4jev8NGecY5",
    "run_status": "ACTIVE"
  }
]
